orders-db  database      db.t4g.micro, postgres 17, single-AZ, 20 GB
  instance     730 h   x  0.0180 USD    13.14
  storage gp2   20 GB  x  0.1330 USD     2.66
                                        15.80
network    implicit VPC
  nat gateway  730 h   x  0.0500 USD    36.50
                                        36.50
not priced
  api        gateway       no aws prices for this node type yet
  orders     function      no aws prices for this node type yet
  web        service       no aws prices for this node type yet
  jobs       queue         no aws prices for this node type yet
  worker     function      no aws prices for this node type yet
  uploads    bucket        no aws prices for this node type yet
  sessions   cache         no aws prices for this node type yet
  orders-db  database      backups beyond 20 GB
  network    implicit VPC  nat gateway data processed

total  52.30 USD/month  eu-west-2, list prices from 2026-09-05, estimate not a quote
