api        gateway       HTTP API
  priced at rest, usage not set
                                         0.00
orders     function      node, 512 MB, x86_64
  priced at rest, usage not set
                                         0.00
orders-db  database      db.t4g.micro, postgres 17, single-AZ, 20 GB
  instance     730 h   x  0.0180 USD    13.14
  storage gp2   20 GB  x  0.1330 USD     2.66
                                        15.80
jobs       queue         standard
  priced at rest, usage not set
                                         0.00
worker     function      node, 512 MB, x86_64
  priced at rest, usage not set
                                         0.00
network    implicit VPC
  nat gateway  730 h   x  0.0500 USD    36.50
                                        36.50
not priced
  web        service       no aws prices for this node type yet
  uploads    bucket        no aws prices for this node type yet
  sessions   cache         no aws prices for this node type yet
  api        gateway       requests
  api        gateway       data transfer
  orders     function      requests
  orders     function      duration
  orders-db  database      backups beyond 20 GB
  jobs       queue         messages
  worker     function      requests
  worker     function      duration
  network    implicit VPC  nat gateway data processed

total  52.30 USD/month  eu-west-2, list prices from 2026-09-06, estimate not a quote
